// Jest Snapshot v1, https://goo.gl/fbAQLP

exports[`G2 Weather Forecast Exercise should render correctly with no props 1`] = `ShallowWrapper {}`;
